2026-01-26 07:44:49,229 [INFO] Activator:176 - 


2026-01-26 07:44:49,236 [INFO] Activator:177 - !SESSION log4j initialized
2026-01-26 07:44:55,891 [INFO] LogOutputStream:77 - [STDOUT_REDIRECT] 
2026-01-26 07:45:02,017 [INFO] ApplicationProperties:184 - Using Application install path: C:\ST\STM32CubeIDE_1.17.0\STM32CubeIDE\plugins\com.st.stm32cube.common.mx_6.13.0.202411220809
2026-01-26 07:45:02,044 [INFO] DbMcusXml:78 - Set database path to: C:\ST\STM32CubeIDE_1.17.0\STM32CubeIDE\plugins\com.st.stm32cube.common.mx_6.13.0.202411220809\\db\/mcu/
2026-01-26 07:45:02,044 [INFO] ApiDb:274 - Set plugin database path to: C:\ST\STM32CubeIDE_1.17.0\STM32CubeIDE\plugins\com.st.stm32cube.common.mx_6.13.0.202411220809\\db\/plugins/boardmanager/
2026-01-26 07:45:02,044 [WARN] ApiDb:259 - Overriding images path with different value:  => C:\ST\STM32CubeIDE_1.17.0\STM32CubeIDE\plugins\com.st.stm32cube.common.mx_6.13.0.202411220809\\db\/plugins/mcufinder/images/
2026-01-26 07:45:02,061 [INFO] ApiDb:250 - Set database path to: C:\Users\GaneshChintalapaty\.stmcufinder\plugins\mcufinder//mcu/
2026-01-26 07:45:02,061 [INFO] DbMcusAds:125 - Set database path to: C:\Users\GaneshChintalapaty\.stmcufinder\plugins\mcufinder//mcu/
2026-01-26 07:45:02,065 [INFO] CrossReferenceDbSqlite:203 - Set database path to: C:\Users\GaneshChintalapaty\.stmcufinder\plugins\mcufinder//mcu/cs/
2026-01-26 07:45:02,214 [INFO] RulesReader:64 - Compatibility file has been processed (297 Rules)
2026-01-26 07:45:02,348 [INFO] DbMcusXml:78 - Set database path to: C:\ST\STM32CubeIDE_1.17.0\STM32CubeIDE\plugins\com.st.stm32cube.common.mx_6.13.0.202411220809\\db\/mcu/
2026-01-26 07:45:02,348 [INFO] ApiDb:274 - Set plugin database path to: C:\ST\STM32CubeIDE_1.17.0\STM32CubeIDE\plugins\com.st.stm32cube.common.mx_6.13.0.202411220809\\db\/plugins/boardmanager/
2026-01-26 07:45:02,349 [INFO] ApiDb:261 - Set plugin images path to: C:\ST\STM32CubeIDE_1.17.0\STM32CubeIDE\plugins\com.st.stm32cube.common.mx_6.13.0.202411220809\\db\/plugins/mcufinder/images/
2026-01-26 07:45:02,349 [WARN] DbFile:41 - Overriding database path with different value: C:\Users\GaneshChintalapaty\.stmcufinder\plugins\mcufinder/ => C:\Users\GaneshChintalapaty\.stmcufinder\plugins\mcufinder
2026-01-26 07:45:02,349 [INFO] ApiDb:250 - Set database path to: C:\Users\GaneshChintalapaty\.stmcufinder\plugins\mcufinder//mcu/
2026-01-26 07:45:02,349 [WARN] DbFile:41 - Overriding database path with different value: C:\Users\GaneshChintalapaty\.stmcufinder\plugins\mcufinder/ => C:\Users\GaneshChintalapaty\.stmcufinder\plugins\mcufinder
2026-01-26 07:45:02,349 [INFO] DbMcusAds:125 - Set database path to: C:\Users\GaneshChintalapaty\.stmcufinder\plugins\mcufinder//mcu/
2026-01-26 07:45:02,349 [WARN] DbFile:41 - Overriding database path with different value: C:\Users\GaneshChintalapaty\.stmcufinder\plugins\mcufinder/ => C:\Users\GaneshChintalapaty\.stmcufinder\plugins\mcufinder
2026-01-26 07:45:02,349 [WARN] DbFile:41 - Overriding database path with different value: C:\Users\GaneshChintalapaty\.stmcufinder\plugins\mcufinder/ => C:\Users\GaneshChintalapaty\.stmcufinder\plugins\mcufinder
2026-01-26 07:45:02,349 [INFO] CrossReferenceDbSqlite:203 - Set database path to: C:\Users\GaneshChintalapaty\.stmcufinder\plugins\mcufinder//mcu/cs/
2026-01-26 07:45:02,460 [INFO] MainPanel:272 - HeapMemory: 268435456
2026-01-26 07:45:02,636 [INFO] DbMcusXml:78 - Set database path to: C:\ST\STM32CubeIDE_1.17.0\STM32CubeIDE\plugins\com.st.stm32cube.common.mx_6.13.0.202411220809\\db\/mcu/
2026-01-26 07:45:02,636 [INFO] ApiDb:274 - Set plugin database path to: C:\ST\STM32CubeIDE_1.17.0\STM32CubeIDE\plugins\com.st.stm32cube.common.mx_6.13.0.202411220809\\db\/plugins/boardmanager/
2026-01-26 07:45:02,636 [INFO] ApiDb:261 - Set plugin images path to: C:\ST\STM32CubeIDE_1.17.0\STM32CubeIDE\plugins\com.st.stm32cube.common.mx_6.13.0.202411220809\\db\/plugins/mcufinder/images/
2026-01-26 07:45:02,637 [WARN] DbFile:41 - Overriding database path with different value: C:\Users\GaneshChintalapaty\.stmcufinder\plugins\mcufinder/ => C:\Users\GaneshChintalapaty\.stmcufinder\plugins\mcufinder
2026-01-26 07:45:02,637 [INFO] ApiDb:250 - Set database path to: C:\Users\GaneshChintalapaty\.stmcufinder\plugins\mcufinder//mcu/
2026-01-26 07:45:02,637 [WARN] DbFile:41 - Overriding database path with different value: C:\Users\GaneshChintalapaty\.stmcufinder\plugins\mcufinder/ => C:\Users\GaneshChintalapaty\.stmcufinder\plugins\mcufinder
2026-01-26 07:45:02,637 [INFO] DbMcusAds:125 - Set database path to: C:\Users\GaneshChintalapaty\.stmcufinder\plugins\mcufinder//mcu/
2026-01-26 07:45:02,637 [WARN] DbFile:41 - Overriding database path with different value: C:\Users\GaneshChintalapaty\.stmcufinder\plugins\mcufinder/ => C:\Users\GaneshChintalapaty\.stmcufinder\plugins\mcufinder
2026-01-26 07:45:02,637 [WARN] DbFile:41 - Overriding database path with different value: C:\Users\GaneshChintalapaty\.stmcufinder\plugins\mcufinder/ => C:\Users\GaneshChintalapaty\.stmcufinder\plugins\mcufinder
2026-01-26 07:45:02,638 [INFO] CrossReferenceDbSqlite:203 - Set database path to: C:\Users\GaneshChintalapaty\.stmcufinder\plugins\mcufinder//mcu/cs/
2026-01-26 07:45:02,660 [INFO] ApplicationProperties:184 - Using Application install path: C:\ST\STM32CubeIDE_1.17.0\STM32CubeIDE\plugins\com.st.stm32cube.common.mx_6.13.0.202411220809
2026-01-26 07:45:02,664 [INFO] PluginManage:196 - Search for loadable plugins [exclusion list=, ]
2026-01-26 07:45:02,665 [INFO] PluginManage:310 - Check plugin analytics
2026-01-26 07:45:07,962 [INFO] AnalyticsPlugin:253 - Accepted Software Licenses: 
2026-01-26 07:45:07,962 [INFO] AnalyticsPlugin:255 - Accepted CMSIS Pack Licenses: 
2026-01-26 07:45:07,964 [INFO] AnalyticsPlugin:257 - Accepted Firmware Licenses: FW.F4.1.28.0
2026-01-26 07:45:07,968 [INFO] PluginManage:359 - Loaded plugin analytics (category:tool,tabindex:-1)
2026-01-26 07:45:07,969 [INFO] PluginManage:310 - Check plugin cadmodel
2026-01-26 07:45:07,976 [INFO] CADModel:105 - Init CAD model plugin
2026-01-26 07:45:07,976 [INFO] PluginManage:359 - Loaded plugin cadmodel (category:power,tabindex:5)
2026-01-26 07:45:07,977 [INFO] PluginManage:310 - Check plugin clock
2026-01-26 07:45:07,988 [INFO] PluginManage:359 - Loaded plugin clock (category:base,tabindex:2)
2026-01-26 07:45:07,989 [INFO] PluginManage:310 - Check plugin ddr
2026-01-26 07:45:07,991 [INFO] PluginManage:359 - Loaded plugin ddr (category:tool,tabindex:6)
2026-01-26 07:45:07,992 [INFO] PluginManage:310 - Check plugin filemanager
2026-01-26 07:45:08,165 [INFO] PluginManage:359 - Loaded plugin filemanager (category:base,tabindex:10)
2026-01-26 07:45:08,165 [INFO] PluginManage:310 - Check plugin ipmanager
2026-01-26 07:45:08,174 [INFO] PluginManage:359 - Loaded plugin ipmanager (category:base,tabindex:5)
2026-01-26 07:45:08,176 [INFO] PluginManage:310 - Check plugin lpbam
2026-01-26 07:45:08,185 [INFO] PluginManage:359 - Loaded plugin lpbam (category:base,tabindex:0)
2026-01-26 07:45:08,185 [INFO] PluginManage:310 - Check plugin memorymap
2026-01-26 07:45:08,199 [INFO] PluginManage:359 - Loaded plugin memorymap (category:base,tabindex:4)
2026-01-26 07:45:08,199 [INFO] PluginManage:310 - Check plugin pinoutandconfiguration
2026-01-26 07:45:08,210 [INFO] PluginManage:359 - Loaded plugin pinoutandconfiguration (category:base,tabindex:1)
2026-01-26 07:45:08,210 [INFO] PluginManage:310 - Check plugin pinoutconfig
2026-01-26 07:45:08,339 [WARN] SupportedApi:132 - Cannot load RTOS API schema: s4s-elt-must-match.1: The content of 'definitions' must match (annotation?, (simpleType | complexType)?, (unique | key | keyref)*)). A problem was found starting at: attribute.
2026-01-26 07:45:08,517 [INFO] PluginManage:359 - Loaded plugin pinoutconfig (category:base,tabindex:0)
2026-01-26 07:45:08,517 [INFO] PluginManage:310 - Check plugin power
2026-01-26 07:45:08,534 [INFO] PluginManage:359 - Loaded plugin power (category:power,tabindex:4)
2026-01-26 07:45:08,534 [INFO] PluginManage:310 - Check plugin projectmanager
2026-01-26 07:45:08,563 [INFO] PluginManage:359 - Loaded plugin projectmanager (category:projectmanager,tabindex:4)
2026-01-26 07:45:08,563 [INFO] PluginManage:310 - Check plugin rif
2026-01-26 07:45:08,574 [INFO] PluginManage:359 - Loaded plugin rif (category:base,tabindex:3)
2026-01-26 07:45:08,574 [INFO] PluginManage:310 - Check plugin thirdparty
2026-01-26 07:45:08,764 [WARN] IntegrityCheckThread:84 - waiting for thirdparty lock release [integrity check]
2026-01-26 07:45:08,764 [INFO] PluginManage:359 - Loaded plugin thirdparty (category:base,tabindex:-1)
2026-01-26 07:45:08,765 [INFO] IntegrityCheckThread:86 - entering critical section [integrity check]
2026-01-26 07:45:08,765 [INFO] PluginManage:310 - Check plugin tools
2026-01-26 07:45:08,765 [INFO] ThirdPartyUpdaterWithRetryManager:70 - Updater plugin not ready yet. [1/15]
2026-01-26 07:45:08,769 [INFO] PluginManage:359 - Loaded plugin tools (category:base,tabindex:7)
2026-01-26 07:45:08,770 [INFO] PluginManage:310 - Check plugin tutovideos
2026-01-26 07:45:08,995 [INFO] PluginManage:359 - Loaded plugin tutovideos (category:base,tabindex:-1)
2026-01-26 07:45:08,996 [INFO] PluginManage:310 - Check plugin updater
2026-01-26 07:45:09,023 [INFO] PluginManage:359 - Loaded plugin updater (category:base,tabindex:12)
2026-01-26 07:45:09,023 [INFO] PluginManage:310 - Check plugin userauth
2026-01-26 07:45:09,028 [INFO] UserAuth:118 - Init User Auth plugin
2026-01-26 07:45:09,029 [INFO] PluginManage:359 - Loaded plugin userauth (category:base,tabindex:14)
2026-01-26 07:45:09,029 [INFO] PluginManage:283 - PluginManage : Loaded plugins [18]
2026-01-26 07:45:09,302 [INFO] PinOutPanel:1589 - setPackage(No Configuration,No Configuration)
2026-01-26 07:45:09,404 [INFO] CADModel:165 - CPN selected for project level
2026-01-26 07:45:09,404 [INFO] CADModel:114 - Register for checkConnection events
2026-01-26 07:45:09,430 [INFO] IPUIPlugin:80 - create IPUIPlugin
2026-01-26 07:45:09,430 [INFO] PluginManager:220 - loadIPPluginJar : add adc
2026-01-26 07:45:09,434 [INFO] IPUIPlugin:80 - create IPUIPlugin
2026-01-26 07:45:09,434 [INFO] PluginManager:220 - loadIPPluginJar : add aes
2026-01-26 07:45:09,438 [INFO] IPUIPlugin:80 - create IPUIPlugin
2026-01-26 07:45:09,438 [INFO] PluginManager:220 - loadIPPluginJar : add can
2026-01-26 07:45:09,440 [INFO] IPUIPlugin:80 - create IPUIPlugin
2026-01-26 07:45:09,441 [INFO] PluginManager:220 - loadIPPluginJar : add comp
2026-01-26 07:45:09,445 [INFO] IPUIPlugin:80 - create IPUIPlugin
2026-01-26 07:45:09,446 [INFO] PluginManager:220 - loadIPPluginJar : add cryp
2026-01-26 07:45:09,451 [INFO] IPUIPlugin:80 - create IPUIPlugin
2026-01-26 07:45:09,451 [INFO] PluginManager:220 - loadIPPluginJar : add ddr_ctrl_phy
2026-01-26 07:45:09,454 [INFO] IPUIPlugin:80 - create IPUIPlugin
2026-01-26 07:45:09,456 [INFO] PluginManager:220 - loadIPPluginJar : add dfsdm
2026-01-26 07:45:09,463 [INFO] IPUIPlugin:80 - create IPUIPlugin
2026-01-26 07:45:09,464 [INFO] PluginManager:220 - loadIPPluginJar : add dma
2026-01-26 07:45:09,470 [INFO] IPUIPlugin:80 - create IPUIPlugin
2026-01-26 07:45:09,470 [INFO] PluginManager:220 - loadIPPluginJar : add dma3
2026-01-26 07:45:09,474 [INFO] IPUIPlugin:80 - create IPUIPlugin
2026-01-26 07:45:09,474 [INFO] PluginManager:220 - loadIPPluginJar : add extmemmanager
2026-01-26 07:45:09,477 [INFO] IPUIPlugin:80 - create IPUIPlugin
2026-01-26 07:45:09,477 [INFO] PluginManager:220 - loadIPPluginJar : add fatfs
2026-01-26 07:45:09,483 [INFO] IPUIPlugin:80 - create IPUIPlugin
2026-01-26 07:45:09,484 [INFO] PluginManager:220 - loadIPPluginJar : add fmc
2026-01-26 07:45:09,494 [INFO] IPUIPlugin:80 - create IPUIPlugin
2026-01-26 07:45:09,494 [INFO] PluginManager:220 - loadIPPluginJar : add freertos
2026-01-26 07:45:09,496 [INFO] IPUIPlugin:80 - create IPUIPlugin
2026-01-26 07:45:09,496 [INFO] PluginManager:220 - loadIPPluginJar : add genericplugin
2026-01-26 07:45:09,500 [INFO] IPUIPlugin:80 - create IPUIPlugin
2026-01-26 07:45:09,500 [INFO] PluginManager:220 - loadIPPluginJar : add gfxmmu
2026-01-26 07:45:09,505 [INFO] IPUIPlugin:80 - create IPUIPlugin
2026-01-26 07:45:09,506 [INFO] PluginManager:220 - loadIPPluginJar : add gic
2026-01-26 07:45:09,511 [INFO] IPUIPlugin:80 - create IPUIPlugin
2026-01-26 07:45:09,511 [INFO] PluginManager:220 - loadIPPluginJar : add gpio
2026-01-26 07:45:09,518 [INFO] IPUIPlugin:80 - create IPUIPlugin
2026-01-26 07:45:09,518 [INFO] PluginManager:220 - loadIPPluginJar : add gtzc
2026-01-26 07:45:09,521 [INFO] IPUIPlugin:80 - create IPUIPlugin
2026-01-26 07:45:09,521 [INFO] PluginManager:220 - loadIPPluginJar : add hash
2026-01-26 07:45:09,525 [INFO] IPUIPlugin:80 - create IPUIPlugin
2026-01-26 07:45:09,526 [INFO] PluginManager:220 - loadIPPluginJar : add i2c
2026-01-26 07:45:09,529 [INFO] IPUIPlugin:80 - create IPUIPlugin
2026-01-26 07:45:09,529 [INFO] PluginManager:220 - loadIPPluginJar : add i2s
2026-01-26 07:45:09,533 [INFO] IPUIPlugin:80 - create IPUIPlugin
2026-01-26 07:45:09,533 [INFO] PluginManager:220 - loadIPPluginJar : add i3c
2026-01-26 07:45:09,538 [INFO] IPUIPlugin:80 - create IPUIPlugin
2026-01-26 07:45:09,538 [INFO] PluginManager:220 - loadIPPluginJar : add ipddr
2026-01-26 07:45:09,547 [INFO] IPUIPlugin:80 - create IPUIPlugin
2026-01-26 07:45:09,547 [INFO] PluginManager:220 - loadIPPluginJar : add linkedlist
2026-01-26 07:45:09,551 [INFO] IPUIPlugin:80 - create IPUIPlugin
2026-01-26 07:45:09,551 [INFO] PluginManager:220 - loadIPPluginJar : add lorawan
2026-01-26 07:45:09,555 [INFO] IPUIPlugin:80 - create IPUIPlugin
2026-01-26 07:45:09,555 [INFO] PluginManager:220 - loadIPPluginJar : add ltdc
2026-01-26 07:45:09,564 [INFO] IPUIPlugin:80 - create IPUIPlugin
2026-01-26 07:45:09,564 [INFO] PluginManager:220 - loadIPPluginJar : add mdma
2026-01-26 07:45:09,569 [INFO] IPUIPlugin:80 - create IPUIPlugin
2026-01-26 07:45:09,569 [INFO] PluginManager:220 - loadIPPluginJar : add nvic
2026-01-26 07:45:09,576 [INFO] IPUIPlugin:80 - create IPUIPlugin
2026-01-26 07:45:09,576 [INFO] PluginManager:220 - loadIPPluginJar : add opamp
2026-01-26 07:45:09,580 [INFO] IPUIPlugin:80 - create IPUIPlugin
2026-01-26 07:45:09,580 [INFO] PluginManager:220 - loadIPPluginJar : add openamp
2026-01-26 07:45:09,585 [INFO] IPUIPlugin:80 - create IPUIPlugin
2026-01-26 07:45:09,585 [INFO] PluginManager:220 - loadIPPluginJar : add pdm2pcm
2026-01-26 07:45:09,593 [INFO] IPUIPlugin:80 - create IPUIPlugin
2026-01-26 07:45:09,597 [INFO] PluginManager:220 - loadIPPluginJar : add plateformsettings
2026-01-26 07:45:09,599 [INFO] IPUIPlugin:80 - create IPUIPlugin
2026-01-26 07:45:09,599 [INFO] PluginManager:220 - loadIPPluginJar : add quadspi
2026-01-26 07:45:09,602 [INFO] IPUIPlugin:80 - create IPUIPlugin
2026-01-26 07:45:09,604 [INFO] PluginManager:220 - loadIPPluginJar : add radio
2026-01-26 07:45:09,610 [INFO] IPUIPlugin:80 - create IPUIPlugin
2026-01-26 07:45:09,610 [INFO] PluginManager:220 - loadIPPluginJar : add resmgrutility
2026-01-26 07:45:09,615 [INFO] IPUIPlugin:80 - create IPUIPlugin
2026-01-26 07:45:09,615 [INFO] PluginManager:220 - loadIPPluginJar : add sai
2026-01-26 07:45:09,618 [INFO] IPUIPlugin:80 - create IPUIPlugin
2026-01-26 07:45:09,618 [INFO] PluginManager:220 - loadIPPluginJar : add spi
2026-01-26 07:45:09,626 [INFO] IPUIPlugin:80 - create IPUIPlugin
2026-01-26 07:45:09,627 [INFO] PluginManager:220 - loadIPPluginJar : add stm32_wpan
2026-01-26 07:45:09,630 [INFO] IPUIPlugin:80 - create IPUIPlugin
2026-01-26 07:45:09,630 [INFO] PluginManager:220 - loadIPPluginJar : add tim
2026-01-26 07:45:09,635 [INFO] IPUIPlugin:80 - create IPUIPlugin
2026-01-26 07:45:09,635 [INFO] PluginManager:220 - loadIPPluginJar : add touchsensing
2026-01-26 07:45:09,638 [INFO] IPUIPlugin:80 - create IPUIPlugin
2026-01-26 07:45:09,638 [INFO] PluginManager:220 - loadIPPluginJar : add tracer_emb
2026-01-26 07:45:09,642 [INFO] IPUIPlugin:80 - create IPUIPlugin
2026-01-26 07:45:09,642 [INFO] PluginManager:220 - loadIPPluginJar : add ts
2026-01-26 07:45:09,645 [INFO] IPUIPlugin:80 - create IPUIPlugin
2026-01-26 07:45:09,645 [INFO] PluginManager:220 - loadIPPluginJar : add tsc
2026-01-26 07:45:09,647 [INFO] IPUIPlugin:80 - create IPUIPlugin
2026-01-26 07:45:09,648 [INFO] PluginManager:220 - loadIPPluginJar : add ucpd
2026-01-26 07:45:09,652 [INFO] IPUIPlugin:80 - create IPUIPlugin
2026-01-26 07:45:09,652 [INFO] PluginManager:220 - loadIPPluginJar : add usart
2026-01-26 07:45:09,658 [INFO] IPUIPlugin:80 - create IPUIPlugin
2026-01-26 07:45:09,658 [INFO] PluginManager:220 - loadIPPluginJar : add usbx
2026-01-26 07:45:09,815 [FATAL] Updater:351 - Updater called before beeing initialized
2026-01-26 07:45:09,901 [INFO] RulesReader:64 - Compatibility file has been processed (297 Rules)
2026-01-26 07:45:09,939 [INFO] RulesReader:64 - Compatibility file has been processed (297 Rules)
2026-01-26 07:45:09,969 [INFO] CADModel:165 - CPN selected for project level
2026-01-26 07:45:09,969 [INFO] CADModel:114 - Register for checkConnection events
2026-01-26 07:45:09,970 [FATAL] Updater:351 - Updater called before beeing initialized
2026-01-26 07:45:09,970 [ERROR] CADModel:125 - Updater not yet initialized, retry later 
2026-01-26 07:45:10,211 [FATAL] Updater:351 - Updater called before beeing initialized
2026-01-26 07:45:10,214 [INFO] CADModel:165 - CPN selected for project level
2026-01-26 07:45:10,214 [INFO] CADModel:114 - Register for checkConnection events
2026-01-26 07:45:10,214 [FATAL] Updater:351 - Updater called before beeing initialized
2026-01-26 07:45:10,215 [ERROR] CADModel:125 - Updater not yet initialized, retry later 
2026-01-26 07:45:10,220 [FATAL] Updater:351 - Updater called before beeing initialized
2026-01-26 07:45:10,360 [FATAL] Updater:351 - Updater called before beeing initialized
2026-01-26 07:45:10,364 [INFO] DbMcusAds:53 - JSON generation date=Mon Dec 15 17:11:46 CST 2025 (1765840306209)
2026-01-26 07:45:10,365 [FATAL] Updater:351 - Updater called before beeing initialized
2026-01-26 07:45:10,411 [WARN] DetailPanel:346 - Failed to get advertising image, set to default
2026-01-26 07:45:10,698 [FATAL] Updater:351 - Updater called before beeing initialized
2026-01-26 07:45:10,701 [FATAL] Updater:351 - Updater called before beeing initialized
2026-01-26 07:45:10,701 [FATAL] Updater:351 - Updater called before beeing initialized
2026-01-26 07:45:10,701 [WARN] DetailPanel:346 - Failed to get advertising image, set to default
2026-01-26 07:45:10,702 [FATAL] Updater:351 - Updater called before beeing initialized
2026-01-26 07:45:10,750 [ERROR] Updater:1198 - MainUpdater not yet initialized. External WinMGr cannot be set.
2026-01-26 07:45:10,752 [INFO] Updater:1134 - Updater Version found : 6.13.0
2026-01-26 07:45:10,770 [INFO] ApplicationProperties:184 - Using Application install path: C:\ST\STM32CubeIDE_1.17.0\STM32CubeIDE\plugins\com.st.stm32cube.common.mx_6.13.0.202411220809
2026-01-26 07:45:11,767 [INFO] ThirdPartyUpdaterWithRetryManager:70 - Updater plugin not ready yet. [2/15]
2026-01-26 07:45:12,365 [ERROR] LogOutputStream:75 - [STDERR_REDIRECT] Jan 26, 2026 7:45:12 AM java.util.prefs.WindowsPreferences <init>
2026-01-26 07:45:12,369 [ERROR] LogOutputStream:75 - [STDERR_REDIRECT] WARNING: Could not open/create prefs root node Software\JavaSoft\Prefs at root 0xffffffff80000002. Windows RegCreateKeyEx(...) returned error code 5.
2026-01-26 07:45:12,370 [ERROR] LogOutputStream:75 - [STDERR_REDIRECT] 
2026-01-26 07:45:12,914 [INFO] MainUpdater:2872 - connection check result : 10
2026-01-26 07:45:12,915 [INFO] MainUpdater:3566 - Updater definition file requires update
2026-01-26 07:45:12,918 [INFO] MainUpdater:289 - Updater Check For Update Now.
2026-01-26 07:45:12,918 [INFO] MicroXplorer:498 - Change Database Version : DB.6.0.130
2026-01-26 07:45:12,942 [INFO] McuFinderGlobals:63 - Set McuFinder mode to 2 (CubeIDE integrated)
2026-01-26 07:45:12,945 [INFO] UserAuth:486 - Internet connection configuration mode: 1
2026-01-26 07:45:12,994 [INFO] ServerAccessManage:473 - Download File updaters.zip
2026-01-26 07:45:12,998 [INFO] JxBrowserEngine:152 - Initiate JxBrowser Engine with user profile folder
2026-01-26 07:45:13,127 [INFO] FileExtend:240 - Unzip File : updaters.zip
2026-01-26 07:45:13,127 [INFO] FileExtend:255 - Standard Zip Deflate
2026-01-26 07:45:13,656 [INFO] ServerAccessManage:473 - Download File PacksControlFlags.xml
2026-01-26 07:45:13,906 [INFO] ServerAccessManage:473 - Download File cubemx.pidx
2026-01-26 07:45:14,465 [INFO] WebApp:168 - Instantiating new browser for Auth
2026-01-26 07:45:14,770 [WARN] MainUpdater:1193 - Updater busy. Cannot search thirdparties
2026-01-26 07:45:14,770 [INFO] ThirdPartyUpdaterWithRetryManager:96 - Updater plugin is busy. [1/15]
2026-01-26 07:45:15,015 [INFO] ServerAccessManage:473 - Download File STMicroelectronics.X-CUBE-NFC6.pdsc
2026-01-26 07:45:15,529 [INFO] ServerAccessManage:473 - Download File STMicroelectronics.X-CUBE-ST67W61.pdsc
2026-01-26 07:45:15,633 [INFO] WebApp:449 - Apply proxy settings
2026-01-26 07:45:15,635 [INFO] WebApp:534 - Chromium requires no authentication
2026-01-26 07:45:15,649 [INFO] WebApp:477 - Direct internet connection detected
2026-01-26 07:45:15,693 [INFO] WebApp:880 - Register for checkConnection events
2026-01-26 07:45:15,693 [INFO] WebApp:449 - Apply proxy settings
2026-01-26 07:45:15,693 [INFO] WebApp:534 - Chromium requires no authentication
2026-01-26 07:45:15,693 [INFO] WebApp:477 - Direct internet connection detected
2026-01-26 07:45:15,753 [INFO] ServerAccessManage:473 - Download File STMicroelectronics.X-CUBE-STSE01.pdsc
2026-01-26 07:45:15,898 [INFO] WebApp:187 - Connection restablished
2026-01-26 07:45:16,005 [INFO] WebApp:221 - Starting web application
2026-01-26 07:45:16,005 [INFO] WebApp:579 - Web application path used C:\ST\STM32CubeIDE_1.17.0\STM32CubeIDE\plugins\com.st.stm32cube.common.mx_6.13.0.202411220809\db\plugins\mcufinder\reactClient1\index.html
2026-01-26 07:45:16,149 [INFO] UserAuth:486 - Internet connection configuration mode: 1
2026-01-26 07:45:16,782 [WARN] PackLoader:240 - Cannot read IP mode file for STMicroelectronics.X-CUBE-NFC6.3.2.0
2026-01-26 07:45:16,804 [WARN] PopulateThirdPartyThread:106 - Error when creating pack: C:/Users/GaneshChintalapaty/.stm32cubemx/thirdparties/pdsc/STMicroelectronics.X-CUBE-ST67W61.pdsc
2026-01-26 07:45:16,822 [WARN] PackLoader:240 - Cannot read IP mode file for STMicroelectronics.X-CUBE-STSE01.2.0.0
2026-01-26 07:45:16,829 [INFO] PopulateThirdPartyThread:66 - Ending populate Thread
2026-01-26 07:45:16,831 [INFO] ThirdParty:1030 - CMSIS Pack Vendor :STMicroelectronics X-CUBE-STSE01 2.0.0
2026-01-26 07:45:16,832 [INFO] ThirdParty:1030 - CMSIS Pack Vendor :STMicroelectronics X-CUBE-NFC6 3.2.0
2026-01-26 07:45:16,832 [INFO] LoadServerUpdatesThread:375 - End of LoadServerUpdate Thread
2026-01-26 07:45:16,949 [INFO] CheckServerUpdateThread:120 - End of CheckServer Thread
2026-01-26 07:45:18,218 [WARN] PackLoader:240 - Cannot read IP mode file for STMicroelectronics.FP-SNS-MOTENVWB1.1.4.0
2026-01-26 07:45:18,228 [WARN] PackLoader:240 - Cannot read IP mode file for STMicroelectronics.FP-ATR-ASTRA1.2.0.2
2026-01-26 07:45:18,234 [WARN] PackLoader:240 - Cannot read IP mode file for STMicroelectronics.FP-ATR-ASTRA1.2.0.1
2026-01-26 07:45:18,244 [WARN] PackLoader:240 - Cannot read IP mode file for STMicroelectronics.X-CUBE-SMBUS.2.1.0
2026-01-26 07:45:18,254 [WARN] PackLoader:240 - Cannot read IP mode file for STMicroelectronics.X-CUBE-WB05N.1.1.0
2026-01-26 07:45:18,262 [WARN] PackLoader:240 - Cannot read IP mode file for STMicroelectronics.X-CUBE-ST60.1.0.0
2026-01-26 07:45:18,292 [WARN] PackLoader:240 - Cannot read IP mode file for STMicroelectronics.X-CUBE-AZRTOS-F7.1.1.0
2026-01-26 07:45:18,299 [ERROR] Engine:466 - C:\Users\GaneshChintalapaty\.stm32cubemx\thirdparties\pdsc\STMicroelectronics.FP-SNS-MOTENV1.5.1.0.pdsc: PDSC version is not supported
2026-01-26 07:45:18,305 [WARN] PackLoader:240 - Cannot read IP mode file for STMicroelectronics.FP-SNS-FLIGHT1.5.0.2
2026-01-26 07:45:18,334 [WARN] PackLoader:240 - Cannot read IP mode file for Infineon.AIROC-Wi-Fi-Bluetooth-STM32.1.7.0
2026-01-26 07:45:18,383 [WARN] PackLoader:240 - Cannot read IP mode file for STMicroelectronics.X-CUBE-AZRTOS-H7.3.4.0
2026-01-26 07:45:18,395 [WARN] PackLoader:240 - Cannot read IP mode file for STMicroelectronics.X-CUBE-DISPLAY.3.0.0
2026-01-26 07:45:18,407 [WARN] PackLoader:240 - Cannot read IP mode file for STMicroelectronics.X-CUBE-BLE1.7.0.0
2026-01-26 07:45:18,416 [WARN] PackLoader:240 - Cannot read IP mode file for STMicroelectronics.X-CUBE-NFC10.1.0.0
2026-01-26 07:45:18,428 [WARN] PackLoader:240 - Cannot read IP mode file for STMicroelectronics.X-CUBE-BLEMGR.4.0.0
2026-01-26 07:45:18,435 [WARN] PackLoader:240 - Cannot read IP mode file for STMicroelectronics.X-CUBE-ST60.1.1.0
2026-01-26 07:45:18,443 [WARN] PackLoader:240 - Cannot read IP mode file for emotas.I-CUBE-CANOPEN.1.3.0
2026-01-26 07:45:18,453 [WARN] PackLoader:240 - Cannot read IP mode file for STMicroelectronics.X-CUBE-GNSS1.7.1.0
2026-01-26 07:45:18,459 [WARN] PackLoader:240 - Cannot read IP mode file for STMicroelectronics.X-CUBE-AI.10.0.0
2026-01-26 07:45:18,464 [ERROR] Engine:466 - C:\Users\GaneshChintalapaty\.stm32cubemx\thirdparties\pdsc\STMicroelectronics.FP-SNS-STBOX1.2.1.0.pdsc: PDSC version is not supported
2026-01-26 07:45:18,468 [WARN] PackLoader:240 - Cannot read IP mode file for STMicroelectronics.FP-SNS-SMARTAG2.1.2.0
2026-01-26 07:45:18,474 [WARN] PackLoader:240 - Cannot read IP mode file for STMicroelectronics.FP-SNS-FLIGHT1.5.1.0
2026-01-26 07:45:18,526 [WARN] PackLoader:240 - Cannot read IP mode file for STMicroelectronics.X-CUBE-MEMS1.11.1.0
2026-01-26 07:45:18,689 [INFO] LogOutputStream:77 - [STDOUT_REDIRECT] 1 : Invalid condition id : UX_CORESTACK_Condition cause : null
2026-01-26 07:45:18,689 [INFO] LogOutputStream:77 - [STDOUT_REDIRECT] 1 : Invalid condition id : UX_CORESTACK_Condition cause : null
2026-01-26 07:45:18,690 [INFO] LogOutputStream:77 - [STDOUT_REDIRECT] 1 : Invalid condition id : UX_CORESTACK_Condition cause : null
2026-01-26 07:45:18,692 [INFO] LogOutputStream:77 - [STDOUT_REDIRECT] 1 : Invalid condition id : UX_CORESTACK_Condition cause : null
2026-01-26 07:45:18,693 [INFO] LogOutputStream:77 - [STDOUT_REDIRECT] 1 : Invalid condition id : UX_CORESTACK_Condition cause : null
2026-01-26 07:45:18,697 [WARN] PackLoader:240 - Cannot read IP mode file for STMicroelectronics.X-CUBE-AZRTOS-WL.2.0.0
2026-01-26 07:45:18,705 [WARN] PackLoader:240 - Cannot read IP mode file for STMicroelectronics.FP-SNS-MOTENV1.5.0.0
2026-01-26 07:45:18,724 [WARN] PackLoader:240 - Cannot read IP mode file for STMicroelectronics.X-CUBE-AZRTOS-H7RS.1.2.0
2026-01-26 07:45:18,734 [WARN] PackLoader:240 - Cannot read IP mode file for WES.I-CUBE-Cesium.1.3.0
2026-01-26 07:45:18,740 [WARN] PackLoader:240 - Cannot read IP mode file for STMicroelectronics.X-CUBE-BLE2.3.3.0
2026-01-26 07:45:18,766 [WARN] PackLoader:240 - Cannot read IP mode file for STMicroelectronics.X-CUBE-NFC9.1.0.0
2026-01-26 07:45:18,773 [WARN] PackLoader:240 - Cannot read IP mode file for STMicroelectronics.X-CUBE-BLE1.7.1.0
2026-01-26 07:45:18,779 [WARN] PackLoader:240 - Cannot read IP mode file for wolfSSL.I-CUBE-wolfMQTT.1.19.2
2026-01-26 07:45:18,781 [ERROR] Engine:466 - C:\Users\GaneshChintalapaty\.stm32cubemx\thirdparties\pdsc\STMicroelectronics.X-CUBE-FREERTOS.1.4.0.pdsc: PDSC version is not supported
2026-01-26 07:45:18,786 [WARN] PackLoader:240 - Cannot read IP mode file for STMicroelectronics.X-CUBE-EEPRMA1.5.2.0
2026-01-26 07:45:18,791 [ERROR] Engine:466 - C:\Users\GaneshChintalapaty\.stm32cubemx\thirdparties\pdsc\STMicroelectronics.X-CUBE-ST67W61.1.1.0.pdsc: PDSC version is not supported
2026-01-26 07:45:18,795 [WARN] PackLoader:240 - Cannot read IP mode file for STMicroelectronics.X-CUBE-AI.10.1.0
2026-01-26 07:45:18,834 [WARN] PackLoader:240 - Cannot read IP mode file for STMicroelectronics.X-CUBE-MEMS1.12.0.0
2026-01-26 07:45:18,913 [WARN] PackLoader:240 - Cannot read IP mode file for STMicroelectronics.X-CUBE-AZRTOS-G0.1.1.0
2026-01-26 07:45:18,922 [WARN] PackLoader:240 - Cannot read IP mode file for STMicroelectronics.X-CUBE-SAFEA1.1.2.2
2026-01-26 07:45:18,928 [WARN] PackLoader:240 - Cannot read IP mode file for STMicroelectronics.X-CUBE-NFC4.3.0.0
2026-01-26 07:45:18,936 [WARN] PackLoader:240 - Cannot read IP mode file for EmbeddedOffice.I-CUBE-FS-RTOS.1.0.1
2026-01-26 07:45:18,941 [WARN] PackLoader:240 - Cannot read IP mode file for STMicroelectronics.X-CUBE-WB05N.2.0.0
2026-01-26 07:45:18,948 [WARN] PackLoader:240 - Cannot read IP mode file for wolfSSL.I-CUBE-wolfTPM.3.8.0
2026-01-26 07:45:18,955 [WARN] PackLoader:240 - Cannot read IP mode file for STMicroelectronics.X-CUBE-TCPP.4.2.0
2026-01-26 07:45:18,965 [WARN] PackLoader:240 - Cannot read IP mode file for RealThread.X-CUBE-RT-Thread_Nano.4.1.1
2026-01-26 07:45:18,969 [WARN] PackLoader:240 - Cannot read IP mode file for STMicroelectronics.FP-ATR-SIGFOX1.3.2.0
2026-01-26 07:45:18,974 [WARN] ConditionMgr:438 - getConditionDescription Invalid condition id : Cortex-A Device cause : null
2026-01-26 07:45:18,980 [WARN] ConditionMgr:1044 - genDependencies : Invalid condition id : Cortex-A Device cause : null
2026-01-26 07:45:18,980 [WARN] ConditionMgr:1044 - genDependencies : Invalid condition id : Cortex-A Device cause : null
2026-01-26 07:45:18,981 [WARN] ConditionMgr:1044 - genDependencies : Invalid condition id : Cortex-A Device cause : null
2026-01-26 07:45:18,985 [WARN] PackLoader:240 - Cannot read IP mode file for STMicroelectronics.X-CUBE-EEPRMA1.5.1.0
2026-01-26 07:45:18,992 [WARN] PackLoader:240 - Cannot read IP mode file for wolfSSL.I-CUBE-wolfSSL.5.7.6
2026-01-26 07:45:18,997 [WARN] PackLoader:240 - Cannot read IP mode file for ITTIA_DB.I-CUBE-ITTIADB.8.9.0
2026-01-26 07:45:19,005 [WARN] PackLoader:240 - Cannot read IP mode file for STMicroelectronics.X-CUBE-NFC6.3.2.0
2026-01-26 07:45:19,016 [WARN] PackLoader:240 - Cannot read IP mode file for STMicroelectronics.X-CUBE-ST67W61.1.0.0
2026-01-26 07:45:19,023 [WARN] PackLoader:240 - Cannot read IP mode file for STMicroelectronics.X-CUBE-AI.10.2.0
2026-01-26 07:45:19,054 [WARN] PackLoader:240 - Cannot read IP mode file for SEGGER.I-CUBE-embOS.1.3.1
2026-01-26 07:45:19,095 [WARN] PackLoader:240 - Cannot read IP mode file for STMicroelectronics.X-CUBE-ALGOBUILD.1.4.0
2026-01-26 07:45:19,249 [WARN] PackLoader:240 - Cannot read IP mode file for STMicroelectronics.X-CUBE-MEMS1.11.3.0
2026-01-26 07:45:19,437 [WARN] PackLoader:240 - Cannot read IP mode file for STMicroelectronics.X-CUBE-PM33A1.1.0.0
2026-01-26 07:45:19,451 [WARN] PackLoader:240 - Cannot read IP mode file for STMicroelectronics.X-CUBE-AZRTOS-F4.1.1.0
2026-01-26 07:45:19,457 [WARN] PackLoader:240 - Cannot read IP mode file for Avnet-IotConnect.X-CUBE-IoTC-DA16k-PMOD.1.0.0
2026-01-26 07:45:19,461 [WARN] PackLoader:240 - Cannot read IP mode file for STMicroelectronics.X-CUBE-ISPU.2.1.0
2026-01-26 07:45:19,465 [ERROR] Engine:466 - C:\Users\GaneshChintalapaty\.stm32cubemx\thirdparties\pdsc\STMicroelectronics.X-CUBE-IPS.3.2.0.pdsc: PDSC version is not supported
2026-01-26 07:45:19,472 [WARN] PackLoader:240 - Cannot read IP mode file for STMicroelectronics.X-CUBE-NFC12.1.0.0
2026-01-26 07:45:19,486 [WARN] PackLoader:240 - Cannot read IP mode file for STMicroelectronics.X-CUBE-AZRTOS-L5.2.0.0
2026-01-26 07:45:19,494 [WARN] PackLoader:240 - Cannot read IP mode file for STMicroelectronics.X-CUBE-NFC6.3.1.0
2026-01-26 07:45:19,502 [WARN] PackLoader:240 - Cannot read IP mode file for STMicroelectronics.X-CUBE-DPower.1.2.0
2026-01-26 07:45:19,509 [WARN] PackLoader:240 - Cannot read IP mode file for STMicroelectronics.X-CUBE-FREERTOS.1.3.1
2026-01-26 07:45:19,512 [WARN] PackLoader:240 - Cannot read IP mode file for STMicroelectronics.X-CUBE-FREERTOS.1.3.0
2026-01-26 07:45:19,518 [WARN] PackLoader:240 - Cannot read IP mode file for STMicroelectronics.X-CUBE-NFC7.1.0.1
2026-01-26 07:45:19,523 [WARN] PackLoader:240 - Cannot read IP mode file for STMicroelectronics.X-CUBE-TOUCHGFX.4.26.0
2026-01-26 07:45:19,528 [WARN] PackLoader:240 - Cannot read IP mode file for STMicroelectronics.FP-SNS-STAIOTCFT.1.0.0
2026-01-26 07:45:19,532 [WARN] PackLoader:240 - Cannot read IP mode file for STMicroelectronics.X-CUBE-DPower.1.3.0
2026-01-26 07:45:19,547 [WARN] ConditionMgr:438 - getConditionDescription Invalid condition id : LAN8742 Phy interface Condition cause : null
2026-01-26 07:45:19,548 [WARN] PackLoader:240 - Cannot read IP mode file for STMicroelectronics.X-CUBE-AZRTOS-L4.2.0.0
2026-01-26 07:45:19,549 [WARN] ConditionMgr:1044 - genDependencies : Invalid condition id : LAN8742 Phy interface Condition cause : null
2026-01-26 07:45:19,549 [WARN] ConditionMgr:1044 - genDependencies : Invalid condition id : LAN8742 Phy interface Condition cause : null
2026-01-26 07:45:19,550 [WARN] ConditionMgr:1044 - genDependencies : Invalid condition id : LAN8742 Phy interface Condition cause : null
2026-01-26 07:45:19,557 [WARN] PackLoader:240 - Cannot read IP mode file for STMicroelectronics.X-CUBE-SFXS2LP1.4.0.0
2026-01-26 07:45:19,560 [ERROR] Engine:466 - C:\Users\GaneshChintalapaty\.stm32cubemx\thirdparties\pdsc\STMicroelectronics.X-CUBE-ST67W61.1.2.0.pdsc: PDSC version is not supported
2026-01-26 07:45:19,577 [WARN] PackLoader:240 - Cannot read IP mode file for STMicroelectronics.X-CUBE-AZRTOS-H7.3.3.0
2026-01-26 07:45:19,588 [WARN] PackLoader:240 - Cannot read IP mode file for STMicroelectronics.X-CUBE-BLEMGR.4.1.0
2026-01-26 07:45:19,611 [WARN] ConditionMgr:438 - getConditionDescription Invalid condition id : UX DEVICE CLASS RTOS Condition cause : null
2026-01-26 07:45:19,611 [WARN] ConditionMgr:438 - getConditionDescription Invalid condition id : UX DEVICE CLASS RTOS Condition cause : null
2026-01-26 07:45:19,613 [WARN] PackLoader:240 - Cannot read IP mode file for STMicroelectronics.X-CUBE-AZRTOS-WB.2.0.0
2026-01-26 07:45:19,613 [WARN] ConditionMgr:1044 - genDependencies : Invalid condition id : UX DEVICE CLASS RTOS Condition cause : null
2026-01-26 07:45:19,613 [WARN] ConditionMgr:1044 - genDependencies : Invalid condition id : UX DEVICE CLASS RTOS Condition cause : null
2026-01-26 07:45:19,614 [WARN] ConditionMgr:1044 - genDependencies : Invalid condition id : UX DEVICE CLASS RTOS Condition cause : null
2026-01-26 07:45:19,614 [WARN] ConditionMgr:1044 - genDependencies : Invalid condition id : UX DEVICE CLASS RTOS Condition cause : null
2026-01-26 07:45:19,614 [WARN] ConditionMgr:1044 - genDependencies : Invalid condition id : UX DEVICE CLASS RTOS Condition cause : null
2026-01-26 07:45:19,619 [WARN] PackLoader:240 - Cannot read IP mode file for STMicroelectronics.X-CUBE-GNSS1.7.0.1
2026-01-26 07:45:19,623 [WARN] PackLoader:240 - Cannot read IP mode file for STMicroelectronics.X-CUBE-TOUCHGFX.4.25.0
2026-01-26 07:45:19,628 [WARN] PackLoader:240 - Cannot read IP mode file for STMicroelectronics.FP-SNS-STBOX1.2.0.0
2026-01-26 07:45:19,636 [WARN] PackLoader:240 - Cannot read IP mode file for STMicroelectronics.X-CUBE-STSE01.2.0.0
2026-01-26 07:45:19,646 [WARN] PackLoader:240 - Cannot read IP mode file for STMicroelectronics.X-CUBE-SUBG2.5.0.0
2026-01-26 07:45:19,672 [WARN] PackLoader:240 - Cannot read IP mode file for STMicroelectronics.X-CUBE-AZRTOS-H7RS.1.1.0
2026-01-26 07:45:19,680 [WARN] PackLoader:240 - Cannot read IP mode file for Cesanta.I-CUBE-Mongoose.7.13.0
2026-01-26 07:45:19,693 [WARN] PackLoader:240 - Cannot read IP mode file for STMicroelectronics.X-CUBE-AZRTOS-G4.2.0.0
2026-01-26 07:45:19,699 [WARN] PackLoader:240 - Cannot read IP mode file for wolfSSL.I-CUBE-wolfSSH.1.4.20
2026-01-26 07:45:19,703 [WARN] PackLoader:240 - Cannot read IP mode file for STMicroelectronics.X-CUBE-NFC7.2.0.0
2026-01-26 07:45:19,713 [WARN] PackLoader:240 - Cannot read IP mode file for STMicroelectronics.X-CUBE-IPS.3.1.0
2026-01-26 07:45:19,723 [WARN] PackLoader:240 - Cannot read IP mode file for STMicroelectronics.X-CUBE-ALS.1.0.2
2026-01-26 07:45:19,727 [WARN] PackLoader:240 - Cannot read IP mode file for STMicroelectronics.X-CUBE-TOUCHGFX.4.24.2
2026-01-26 07:45:19,730 [WARN] PackLoader:240 - Cannot read IP mode file for STMicroelectronics.X-CUBE-STSE01.1.0.0
2026-01-26 07:45:19,738 [WARN] PackLoader:240 - Cannot read IP mode file for portGmbH.I-Cube-SoM-uGOAL.1.1.0
2026-01-26 07:45:19,752 [WARN] PackLoader:240 - Cannot read IP mode file for STMicroelectronics.X-CUBE-AZRTOS-H7RS.1.0.0
2026-01-26 07:45:19,767 [WARN] PackLoader:240 - Cannot read IP mode file for STMicroelectronics.X-CUBE-TOF1.3.4.2
2026-01-26 07:45:19,784 [WARN] PackLoader:240 - Cannot read IP mode file for STMicroelectronics.X-CUBE-TOF1.3.4.3
2026-01-26 07:45:19,797 [INFO] ThirdParty:978 - Integrity check success = true
2026-01-26 07:45:19,797 [INFO] IntegrityCheckThread:100 - exiting critical section [integrity check]
2026-01-26 07:45:19,797 [INFO] IntegrityCheckThread:103 - End integrity checks thread
2026-01-26 08:37:52,681 [INFO] WebApp:190 - Connection lost
2026-01-26 08:37:52,817 [INFO] WebApp:187 - Connection restablished
2026-01-26 08:37:54,753 [INFO] WebApp:190 - Connection lost
2026-01-26 08:37:55,121 [INFO] WebApp:187 - Connection restablished
