16:48:15 **** Incremental Build of configuration Debug for project Define_GPIO_Using_Struct ****
make -j8 all 
arm-none-eabi-gcc "../Src/main.c" -mcpu=cortex-m4 -std=gnu11 -g3 -DDEBUG -DSTM32 -DSTM32F4 -DSTM32F446RETx -DNUCLEO_F446RE -c -I../Inc -O0 -ffunction-sections -fdata-sections -Wall -fstack-usage -fcyclomatic-complexity -MMD -MP -MF"Src/main.d" -MT"Src/main.o" --specs=nano.specs -mfpu=fpv4-sp-d16 -mfloat-abi=hard -mthumb -o "Src/main.o"
arm-none-eabi-gcc -o "Define_GPIO_Using_Struct.elf" @"objects.list"   -mcpu=cortex-m4 -T"C:\STM32_Projects\STM32F411\Define_GPIO_Using_Struct\STM32F446RETX_FLASH.ld" --specs=nosys.specs -Wl,-Map="Define_GPIO_Using_Struct.map" -Wl,--gc-sections -static --specs=nano.specs -mfpu=fpv4-sp-d16 -mfloat-abi=hard -mthumb -Wl,--start-group -lc -lm -Wl,--end-group
Finished building target: Define_GPIO_Using_Struct.elf
 
arm-none-eabi-size  Define_GPIO_Using_Struct.elf 
arm-none-eabi-objdump -h -S Define_GPIO_Using_Struct.elf  > "Define_GPIO_Using_Struct.list"
   text	   data	    bss	    dec	    hex	filename
    824	      0	   1568	   2392	    958	Define_GPIO_Using_Struct.elf
Finished building: default.size.stdout
 
Finished building: Define_GPIO_Using_Struct.list
 

16:48:16 Build Finished. 0 errors, 0 warnings. (took 560ms)

