21:09:46 **** Build of configuration Debug for project UART_printf ****
make -j8 all 
arm-none-eabi-gcc "../Src/main.c" -mcpu=cortex-m4 -std=gnu11 -g3 -DDEBUG -DSTM32 -DSTM32F4 -DSTM32F446RETx -DNUCLEO_F446RE -c -I../Inc -I"C:/STM32_Projects/STM32F411/STM32Cube_FW_F4_V1.28.0/Drivers/CMSIS/Device/ST/STM32F4xx/Include" -I"C:/STM32_Projects/STM32F411/STM32Cube_FW_F4_V1.28.0/Drivers/CMSIS/Include" -O0 -ffunction-sections -fdata-sections -Wall -fstack-usage -fcyclomatic-complexity -MMD -MP -MF"Src/main.d" -MT"Src/main.o" --specs=nano.specs -mfpu=fpv4-sp-d16 -mfloat-abi=hard -mthumb -o "Src/main.o"
arm-none-eabi-gcc -o "UART_printf.elf" @"objects.list"   -mcpu=cortex-m4 -T"C:\STM32_Projects\STM32F411\UART_printf\STM32F446RETX_FLASH.ld" --specs=nosys.specs -Wl,-Map="UART_printf.map" -Wl,--gc-sections -static --specs=nano.specs -mfpu=fpv4-sp-d16 -mfloat-abi=hard -mthumb -Wl,--start-group -lc -lm -Wl,--end-group
Finished building target: UART_printf.elf
 
arm-none-eabi-size  UART_printf.elf 
arm-none-eabi-objdump -h -S UART_printf.elf  > "UART_printf.list"
   text	   data	    bss	    dec	    hex	filename
   5228	     92	   1900	   7220	   1c34	UART_printf.elf
Finished building: default.size.stdout
 
Finished building: UART_printf.list
 
21:10:02 **** Incremental Build of configuration Debug for project UART_printf ****
make -j8 all 
arm-none-eabi-size  UART_printf.elf 
   text	   data	    bss	    dec	    hex	filename
   5228	     92	   1900	   7220	   1c34	UART_printf.elf
Finished building: default.size.stdout
 
22:00:02 **** Build of configuration Debug for project UART_Modular ****
make -j8 all 
arm-none-eabi-gcc "../Src/main.c" -mcpu=cortex-m4 -std=gnu11 -g3 -DDEBUG -DSTM32 -DSTM32F4 -DSTM32F446RETx -DNUCLEO_F446RE -c -I../Inc -I"C:/STM32_Projects/STM32F411/STM32Cube_FW_F4_V1.28.0/Drivers/CMSIS/Device/ST/STM32F4xx/Include" -I"C:/STM32_Projects/STM32F411/STM32Cube_FW_F4_V1.28.0/Drivers/CMSIS/Include" -O0 -ffunction-sections -fdata-sections -Wall -fstack-usage -fcyclomatic-complexity -MMD -MP -MF"Src/main.d" -MT"Src/main.o" --specs=nano.specs -mfpu=fpv4-sp-d16 -mfloat-abi=hard -mthumb -o "Src/main.o"
arm-none-eabi-gcc "../Src/syscalls.c" -mcpu=cortex-m4 -std=gnu11 -g3 -DDEBUG -DSTM32 -DSTM32F4 -DSTM32F446RETx -DNUCLEO_F446RE -c -I../Inc -I"C:/STM32_Projects/STM32F411/STM32Cube_FW_F4_V1.28.0/Drivers/CMSIS/Device/ST/STM32F4xx/Include" -I"C:/STM32_Projects/STM32F411/STM32Cube_FW_F4_V1.28.0/Drivers/CMSIS/Include" -O0 -ffunction-sections -fdata-sections -Wall -fstack-usage -fcyclomatic-complexity -MMD -MP -MF"Src/syscalls.d" -MT"Src/syscalls.o" --specs=nano.specs -mfpu=fpv4-sp-d16 -mfloat-abi=hard -mthumb -o "Src/syscalls.o"
arm-none-eabi-gcc "../Src/sysmem.c" -mcpu=cortex-m4 -std=gnu11 -g3 -DDEBUG -DSTM32 -DSTM32F4 -DSTM32F446RETx -DNUCLEO_F446RE -c -I../Inc -I"C:/STM32_Projects/STM32F411/STM32Cube_FW_F4_V1.28.0/Drivers/CMSIS/Device/ST/STM32F4xx/Include" -I"C:/STM32_Projects/STM32F411/STM32Cube_FW_F4_V1.28.0/Drivers/CMSIS/Include" -O0 -ffunction-sections -fdata-sections -Wall -fstack-usage -fcyclomatic-complexity -MMD -MP -MF"Src/sysmem.d" -MT"Src/sysmem.o" --specs=nano.specs -mfpu=fpv4-sp-d16 -mfloat-abi=hard -mthumb -o "Src/sysmem.o"
arm-none-eabi-gcc "../Src/uart.c" -mcpu=cortex-m4 -std=gnu11 -g3 -DDEBUG -DSTM32 -DSTM32F4 -DSTM32F446RETx -DNUCLEO_F446RE -c -I../Inc -I"C:/STM32_Projects/STM32F411/STM32Cube_FW_F4_V1.28.0/Drivers/CMSIS/Device/ST/STM32F4xx/Include" -I"C:/STM32_Projects/STM32F411/STM32Cube_FW_F4_V1.28.0/Drivers/CMSIS/Include" -O0 -ffunction-sections -fdata-sections -Wall -fstack-usage -fcyclomatic-complexity -MMD -MP -MF"Src/uart.d" -MT"Src/uart.o" --specs=nano.specs -mfpu=fpv4-sp-d16 -mfloat-abi=hard -mthumb -o "Src/uart.o"
arm-none-eabi-gcc -o "UART_Modular.elf" @"objects.list"   -mcpu=cortex-m4 -T"C:\STM32_Projects\STM32F411\UART_Modular\STM32F446RETX_FLASH.ld" --specs=nosys.specs -Wl,-Map="UART_Modular.map" -Wl,--gc-sections -static --specs=nano.specs -mfpu=fpv4-sp-d16 -mfloat-abi=hard -mthumb -Wl,--start-group -lc -lm -Wl,--end-group
Finished building target: UART_Modular.elf
 
arm-none-eabi-size  UART_Modular.elf 
arm-none-eabi-objdump -h -S UART_Modular.elf  > "UART_Modular.list"
   text	   data	    bss	    dec	    hex	filename
   5232	     92	   1900	   7224	   1c38	UART_Modular.elf
Finished building: default.size.stdout
 
Finished building: UART_Modular.list
 
22:00:19 **** Incremental Build of configuration Debug for project UART_Modular ****
make -j8 all 
arm-none-eabi-size  UART_Modular.elf 
   text	   data	    bss	    dec	    hex	filename
   5232	     92	   1900	   7224	   1c38	UART_Modular.elf
Finished building: default.size.stdout
 
22:01:51 **** Incremental Build of configuration Debug for project UART_Modular ****
make -j8 all 
arm-none-eabi-gcc "../Src/main.c" -mcpu=cortex-m4 -std=gnu11 -g3 -DDEBUG -DSTM32 -DSTM32F4 -DSTM32F446RETx -DNUCLEO_F446RE -c -I../Inc -I"C:/STM32_Projects/STM32F411/STM32Cube_FW_F4_V1.28.0/Drivers/CMSIS/Device/ST/STM32F4xx/Include" -I"C:/STM32_Projects/STM32F411/STM32Cube_FW_F4_V1.28.0/Drivers/CMSIS/Include" -O0 -ffunction-sections -fdata-sections -Wall -fstack-usage -fcyclomatic-complexity -MMD -MP -MF"Src/main.d" -MT"Src/main.o" --specs=nano.specs -mfpu=fpv4-sp-d16 -mfloat-abi=hard -mthumb -o "Src/main.o"
arm-none-eabi-gcc "../Src/uart.c" -mcpu=cortex-m4 -std=gnu11 -g3 -DDEBUG -DSTM32 -DSTM32F4 -DSTM32F446RETx -DNUCLEO_F446RE -c -I../Inc -I"C:/STM32_Projects/STM32F411/STM32Cube_FW_F4_V1.28.0/Drivers/CMSIS/Device/ST/STM32F4xx/Include" -I"C:/STM32_Projects/STM32F411/STM32Cube_FW_F4_V1.28.0/Drivers/CMSIS/Include" -O0 -ffunction-sections -fdata-sections -Wall -fstack-usage -fcyclomatic-complexity -MMD -MP -MF"Src/uart.d" -MT"Src/uart.o" --specs=nano.specs -mfpu=fpv4-sp-d16 -mfloat-abi=hard -mthumb -o "Src/uart.o"
In file included from ../Src/main.c:4:
../Inc/uart.h:14:13: warning: 'UART_set_BaudRate' declared 'static' but never defined [-Wunused-function]
   14 | static void UART_set_BaudRate(USART_TypeDef *USARTx, uint32_t PeriphCLK, uint32_t BaudRate);
      |             ^~~~~~~~~~~~~~~~~
../Inc/uart.h:15:17: warning: 'compute_UART_BD' declared 'static' but never defined [-Wunused-function]
   15 | static uint16_t compute_UART_BD(uint32_t PeriphCLK, uint32_t BaudRate);
      |                 ^~~~~~~~~~~~~~~
arm-none-eabi-gcc -o "UART_Modular.elf" @"objects.list"   -mcpu=cortex-m4 -T"C:\STM32_Projects\STM32F411\UART_Modular\STM32F446RETX_FLASH.ld" --specs=nosys.specs -Wl,-Map="UART_Modular.map" -Wl,--gc-sections -static --specs=nano.specs -mfpu=fpv4-sp-d16 -mfloat-abi=hard -mthumb -Wl,--start-group -lc -lm -Wl,--end-group
Finished building target: UART_Modular.elf
 
arm-none-eabi-size  UART_Modular.elf 
arm-none-eabi-objdump -h -S UART_Modular.elf  > "UART_Modular.list"
   text	   data	    bss	    dec	    hex	filename
   5232	     92	   1900	   7224	   1c38	UART_Modular.elf
Finished building: default.size.stdout
 
Finished building: UART_Modular.list
 
22:02:32 **** Incremental Build of configuration Debug for project UART_Modular ****
make -j8 all 
arm-none-eabi-gcc "../Src/main.c" -mcpu=cortex-m4 -std=gnu11 -g3 -DDEBUG -DSTM32 -DSTM32F4 -DSTM32F446RETx -DNUCLEO_F446RE -c -I../Inc -I"C:/STM32_Projects/STM32F411/STM32Cube_FW_F4_V1.28.0/Drivers/CMSIS/Device/ST/STM32F4xx/Include" -I"C:/STM32_Projects/STM32F411/STM32Cube_FW_F4_V1.28.0/Drivers/CMSIS/Include" -O0 -ffunction-sections -fdata-sections -Wall -fstack-usage -fcyclomatic-complexity -MMD -MP -MF"Src/main.d" -MT"Src/main.o" --specs=nano.specs -mfpu=fpv4-sp-d16 -mfloat-abi=hard -mthumb -o "Src/main.o"
arm-none-eabi-gcc "../Src/uart.c" -mcpu=cortex-m4 -std=gnu11 -g3 -DDEBUG -DSTM32 -DSTM32F4 -DSTM32F446RETx -DNUCLEO_F446RE -c -I../Inc -I"C:/STM32_Projects/STM32F411/STM32Cube_FW_F4_V1.28.0/Drivers/CMSIS/Device/ST/STM32F4xx/Include" -I"C:/STM32_Projects/STM32F411/STM32Cube_FW_F4_V1.28.0/Drivers/CMSIS/Include" -O0 -ffunction-sections -fdata-sections -Wall -fstack-usage -fcyclomatic-complexity -MMD -MP -MF"Src/uart.d" -MT"Src/uart.o" --specs=nano.specs -mfpu=fpv4-sp-d16 -mfloat-abi=hard -mthumb -o "Src/uart.o"
arm-none-eabi-gcc -o "UART_Modular.elf" @"objects.list"   -mcpu=cortex-m4 -T"C:\STM32_Projects\STM32F411\UART_Modular\STM32F446RETX_FLASH.ld" --specs=nosys.specs -Wl,-Map="UART_Modular.map" -Wl,--gc-sections -static --specs=nano.specs -mfpu=fpv4-sp-d16 -mfloat-abi=hard -mthumb -Wl,--start-group -lc -lm -Wl,--end-group
Finished building target: UART_Modular.elf
 
arm-none-eabi-size  UART_Modular.elf 
arm-none-eabi-objdump -h -S UART_Modular.elf  > "UART_Modular.list"
   text	   data	    bss	    dec	    hex	filename
   5232	     92	   1900	   7224	   1c38	UART_Modular.elf
Finished building: default.size.stdout
 
Finished building: UART_Modular.list
 
22:02:46 **** Incremental Build of configuration Debug for project UART_Modular ****
make -j8 all 
arm-none-eabi-gcc "../Src/main.c" -mcpu=cortex-m4 -std=gnu11 -g3 -DDEBUG -DSTM32 -DSTM32F4 -DSTM32F446RETx -DNUCLEO_F446RE -c -I../Inc -I"C:/STM32_Projects/STM32F411/STM32Cube_FW_F4_V1.28.0/Drivers/CMSIS/Device/ST/STM32F4xx/Include" -I"C:/STM32_Projects/STM32F411/STM32Cube_FW_F4_V1.28.0/Drivers/CMSIS/Include" -O0 -ffunction-sections -fdata-sections -Wall -fstack-usage -fcyclomatic-complexity -MMD -MP -MF"Src/main.d" -MT"Src/main.o" --specs=nano.specs -mfpu=fpv4-sp-d16 -mfloat-abi=hard -mthumb -o "Src/main.o"
arm-none-eabi-gcc "../Src/uart.c" -mcpu=cortex-m4 -std=gnu11 -g3 -DDEBUG -DSTM32 -DSTM32F4 -DSTM32F446RETx -DNUCLEO_F446RE -c -I../Inc -I"C:/STM32_Projects/STM32F411/STM32Cube_FW_F4_V1.28.0/Drivers/CMSIS/Device/ST/STM32F4xx/Include" -I"C:/STM32_Projects/STM32F411/STM32Cube_FW_F4_V1.28.0/Drivers/CMSIS/Include" -O0 -ffunction-sections -fdata-sections -Wall -fstack-usage -fcyclomatic-complexity -MMD -MP -MF"Src/uart.d" -MT"Src/uart.o" --specs=nano.specs -mfpu=fpv4-sp-d16 -mfloat-abi=hard -mthumb -o "Src/uart.o"
arm-none-eabi-gcc -o "UART_Modular.elf" @"objects.list"   -mcpu=cortex-m4 -T"C:\STM32_Projects\STM32F411\UART_Modular\STM32F446RETX_FLASH.ld" --specs=nosys.specs -Wl,-Map="UART_Modular.map" -Wl,--gc-sections -static --specs=nano.specs -mfpu=fpv4-sp-d16 -mfloat-abi=hard -mthumb -Wl,--start-group -lc -lm -Wl,--end-group
Finished building target: UART_Modular.elf
 
arm-none-eabi-size  UART_Modular.elf 
arm-none-eabi-objdump -h -S UART_Modular.elf  > "UART_Modular.list"
   text	   data	    bss	    dec	    hex	filename
   5232	     92	   1900	   7224	   1c38	UART_Modular.elf
Finished building: default.size.stdout
 
Finished building: UART_Modular.list
 
