08:49:40 **** Incremental Build of configuration Debug for project GPIO_Input ****
make -j8 all 
arm-none-eabi-gcc "../Src/main.c" -mcpu=cortex-m4 -std=gnu11 -g3 -DDEBUG -DSTM32 -DSTM32F4 -DSTM32F446RETx -DNUCLEO_F446RE -c -I../Inc -I"C:/STM32_Projects/STM32F411/STM32Cube_FW_F4_V1.28.0/Drivers/CMSIS/Device/ST/STM32F4xx/Include" -I"C:/STM32_Projects/STM32F411/STM32Cube_FW_F4_V1.28.0/Drivers/CMSIS/Include" -O0 -ffunction-sections -fdata-sections -Wall -fstack-usage -fcyclomatic-complexity -MMD -MP -MF"Src/main.d" -MT"Src/main.o" --specs=nano.specs -mfpu=fpv4-sp-d16 -mfloat-abi=hard -mthumb -o "Src/main.o"
arm-none-eabi-gcc -o "GPIO_Input.elf" @"objects.list"   -mcpu=cortex-m4 -T"C:\STM32_Projects\STM32F411\GPIO_Input\STM32F446RETX_FLASH.ld" --specs=nosys.specs -Wl,-Map="GPIO_Input.map" -Wl,--gc-sections -static --specs=nano.specs -mfpu=fpv4-sp-d16 -mfloat-abi=hard -mthumb -Wl,--start-group -lc -lm -Wl,--end-group
Finished building target: GPIO_Input.elf
 
arm-none-eabi-size  GPIO_Input.elf 
arm-none-eabi-objdump -h -S GPIO_Input.elf  > "GPIO_Input.list"
   text	   data	    bss	    dec	    hex	filename
    832	      0	   1568	   2400	    960	GPIO_Input.elf
Finished building: default.size.stdout
 
Finished building: GPIO_Input.list
 

08:49:41 Build Finished. 0 errors, 0 warnings. (took 842ms)

