14:48:01 **** Incremental Build of configuration Debug for project Led_Toggle ****
make -j8 all 
arm-none-eabi-gcc "../Src/main.c" -mcpu=cortex-m4 -std=gnu11 -g3 -DDEBUG -DSTM32 -DSTM32F4 -DSTM32F446RETx -DNUCLEO_F446RE -c -I../Inc -O0 -ffunction-sections -fdata-sections -Wall -fstack-usage -fcyclomatic-complexity -MMD -MP -MF"Src/main.d" -MT"Src/main.o" --specs=nano.specs -mfpu=fpv4-sp-d16 -mfloat-abi=hard -mthumb -o "Src/main.o"
arm-none-eabi-gcc -o "Led_Toggle.elf" @"objects.list"   -mcpu=cortex-m4 -T"C:\STM32_Projects\STM32F411\Led_Toggle\STM32F446RETX_FLASH.ld" --specs=nosys.specs -Wl,-Map="Led_Toggle.map" -Wl,--gc-sections -static --specs=nano.specs -mfpu=fpv4-sp-d16 -mfloat-abi=hard -mthumb -Wl,--start-group -lc -lm -Wl,--end-group
Finished building target: Led_Toggle.elf
 
arm-none-eabi-size  Led_Toggle.elf 
arm-none-eabi-objdump -h -S Led_Toggle.elf  > "Led_Toggle.list"
   text	   data	    bss	    dec	    hex	filename
    828	      0	   1568	   2396	    95c	Led_Toggle.elf
Finished building: default.size.stdout
 
Finished building: Led_Toggle.list
 

14:48:01 Build Finished. 0 errors, 0 warnings. (took 481ms)

