21:03:26 **** Incremental Build of configuration Debug for project UART_TX ****
make -j8 all 
arm-none-eabi-gcc "../Src/main.c" -mcpu=cortex-m4 -std=gnu11 -g3 -DDEBUG -DSTM32 -DSTM32F4 -DSTM32F446RETx -DNUCLEO_F446RE -c -I../Inc -I"C:/STM32_Projects/STM32F411/STM32Cube_FW_F4_V1.28.0/Drivers/CMSIS/Device/ST/STM32F4xx/Include" -I"C:/STM32_Projects/STM32F411/STM32Cube_FW_F4_V1.28.0/Drivers/CMSIS/Include" -O0 -ffunction-sections -fdata-sections -Wall -fstack-usage -fcyclomatic-complexity -MMD -MP -MF"Src/main.d" -MT"Src/main.o" --specs=nano.specs -mfpu=fpv4-sp-d16 -mfloat-abi=hard -mthumb -o "Src/main.o"
arm-none-eabi-gcc -o "UART_TX.elf" @"objects.list"   -mcpu=cortex-m4 -T"C:\STM32_Projects\STM32F411\UART_TX\STM32F446RETX_FLASH.ld" --specs=nosys.specs -Wl,-Map="UART_TX.map" -Wl,--gc-sections -static --specs=nano.specs -mfpu=fpv4-sp-d16 -mfloat-abi=hard -mthumb -Wl,--start-group -lc -lm -Wl,--end-group
Finished building target: UART_TX.elf
 
arm-none-eabi-size  UART_TX.elf 
arm-none-eabi-objdump -h -S UART_TX.elf  > "UART_TX.list"
   text	   data	    bss	    dec	    hex	filename
    996	      0	   1568	   2564	    a04	UART_TX.elf
Finished building: default.size.stdout
 
Finished building: UART_TX.list
 

21:03:27 Build Finished. 0 errors, 0 warnings. (took 662ms)

